// Jest Snapshot v1, https://goo.gl/fbAQLP

exports[`Testing Counter should render correctly 1`] = `ShallowWrapper {}`;
